// Jest Snapshot v1, https://goo.gl/fbAQLP

exports[`Header should render 1`] = `
<div
  className="absolute top-0 z-10 w-full"
>
  <header
    className="p-2 sm:p-8 sm:flex justify-between items-center"
  >
    <div
      className="mb-3 sm:mb-0 flex justify-between items-center"
    >
      <div
        className="text-2xl sm:text-3xl m-0"
      >
        <a
          className="flex items-center"
          href="/"
        >
          <img
            alt="logo"
            className="w-10 mr-1"
            src="test-file-stub"
          />
          Hashtag Coder
        </a>
      </div>
      <div
        className="sm:hidden"
      >
        <button
          className="hover:text-gray-500 focus:text-gray-500 focus:outline-none"
          onClick={[Function]}
          type="button"
        >
          <svg
            aria-hidden="true"
            className="svg-inline--fa fa-bars fa-w-14 "
            data-icon="bars"
            data-prefix="fas"
            focusable="false"
            role="img"
            style={Object {}}
            viewBox="0 0 448 512"
            xmlns="http://www.w3.org/2000/svg"
          >
            <path
              d="M16 132h416c8.837 0 16-7.163 16-16V76c0-8.837-7.163-16-16-16H16C7.163 60 0 67.163 0 76v40c0 8.837 7.163 16 16 16zm0 160h416c8.837 0 16-7.163 16-16v-40c0-8.837-7.163-16-16-16H16c-8.837 0-16 7.163-16 16v40c0 8.837 7.163 16 16 16zm0 160h416c8.837 0 16-7.163 16-16v-40c0-8.837-7.163-16-16-16H16c-8.837 0-16 7.163-16 16v40c0 8.837 7.163 16 16 16z"
              fill="currentColor"
              style={Object {}}
            />
          </svg>
        </button>
      </div>
    </div>
    <ul
      className="navigation bg-gray-200 rounded sm:bg-white p-2 sm:p-0 sm:flex animated fadeInRight hidden"
    >
      <li
        className="mb-2 sm:mb-0"
      >
        <a
          className="hoverable"
          href="/"
        >
          
        </a>
      </li>
      <div
        className="flex"
      >
        <li>
          <a
            href=""
            rel="noopener noreferrer"
            target="_blank"
          >
            <svg
              aria-hidden="true"
              className="svg-inline--fa fa-twitter fa-w-16 "
              data-icon="twitter"
              data-prefix="fab"
              focusable="false"
              role="img"
              style={Object {}}
              viewBox="0 0 512 512"
              xmlns="http://www.w3.org/2000/svg"
            >
              <path
                d="M459.37 151.716c.325 4.548.325 9.097.325 13.645 0 138.72-105.583 298.558-298.558 298.558-59.452 0-114.68-17.219-161.137-47.106 8.447.974 16.568 1.299 25.34 1.299 49.055 0 94.213-16.568 130.274-44.832-46.132-.975-84.792-31.188-98.112-72.772 6.498.974 12.995 1.624 19.818 1.624 9.421 0 18.843-1.3 27.614-3.573-48.081-9.747-84.143-51.98-84.143-102.985v-1.299c13.969 7.797 30.214 12.67 47.431 13.319-28.264-18.843-46.781-51.005-46.781-87.391 0-19.492 5.197-37.36 14.294-52.954 51.655 63.675 129.3 105.258 216.365 109.807-1.624-7.797-2.599-15.918-2.599-24.04 0-57.828 46.782-104.934 104.934-104.934 30.213 0 57.502 12.67 76.67 33.137 23.715-4.548 46.456-13.32 66.599-25.34-7.798 24.366-24.366 44.833-46.132 57.827 21.117-2.273 41.584-8.122 60.426-16.243-14.292 20.791-32.161 39.308-52.628 54.253z"
                fill="currentColor"
                style={Object {}}
              />
            </svg>
          </a>
        </li>
      </div>
    </ul>
  </header>
</div>
`;
